// Jest Snapshot v1, https://goo.gl/fbAQLP

exports[`should render Header correctly 1`] = `
<header>
  <h1>
    Expensify
  </h1>
  <NavLink
    activeClassName="active-class"
    aria-current="page"
    exact={true}
    to="/"
  >
    Go Home
  </NavLink>
  <NavLink
    activeClassName="active-class"
    aria-current="page"
    to="/create"
  >
     create
  </NavLink>
  <NavLink
    activeClassName="active-class"
    aria-current="page"
    to="/edit"
  >
    Edit
  </NavLink>
  <NavLink
    activeClassName="active-class"
    aria-current="page"
    to="/help"
  >
    help
  </NavLink>
</header>
`;
